Archive member included to satisfy reference by file (symbol)

G:\Documents and stuff\Project Avalanche\Workspace 4\nucleo-l152re_stdperiph_lib\Debug\libnucleo-l152re_stdperiph_lib.a(misc.o)
                              src/main.o (NVIC_Init)
G:\Documents and stuff\Project Avalanche\Workspace 4\nucleo-l152re_stdperiph_lib\Debug\libnucleo-l152re_stdperiph_lib.a(stm32l1xx_adc.o)
                              src/main.o (ADC_DeInit)
G:\Documents and stuff\Project Avalanche\Workspace 4\nucleo-l152re_stdperiph_lib\Debug\libnucleo-l152re_stdperiph_lib.a(stm32l1xx_dbgmcu.o)
                              src/main.o (DBGMCU_Config)
G:\Documents and stuff\Project Avalanche\Workspace 4\nucleo-l152re_stdperiph_lib\Debug\libnucleo-l152re_stdperiph_lib.a(stm32l1xx_gpio.o)
                              src/main.o (GPIO_Init)
G:\Documents and stuff\Project Avalanche\Workspace 4\nucleo-l152re_stdperiph_lib\Debug\libnucleo-l152re_stdperiph_lib.a(stm32l1xx_rcc.o)
                              src/main.o (RCC_AHBPeriphClockCmd)
G:\Documents and stuff\Project Avalanche\Workspace 4\nucleo-l152re_stdperiph_lib\Debug\libnucleo-l152re_stdperiph_lib.a(stm32l1xx_usart.o)
                              src/main.o (USART_Init)
g:/porgrams/stm32 system workbench/plugins/fr.ac6.mcu.externaltools.arm-none.win32_1.13.2.201705091103/tools/compiler/bin/../lib/gcc/arm-none-eabi/5.4.1/../../../../arm-none-eabi/lib/armv7-m\libc.a(lib_a-errno.o)
                              src/syscalls.o (__errno)
g:/porgrams/stm32 system workbench/plugins/fr.ac6.mcu.externaltools.arm-none.win32_1.13.2.201705091103/tools/compiler/bin/../lib/gcc/arm-none-eabi/5.4.1/../../../../arm-none-eabi/lib/armv7-m\libc.a(lib_a-exit.o)
                              g:/porgrams/stm32 system workbench/plugins/fr.ac6.mcu.externaltools.arm-none.win32_1.13.2.201705091103/tools/compiler/bin/../lib/gcc/arm-none-eabi/5.4.1/../../../../arm-none-eabi/lib/armv7-m/crt0.o (exit)
g:/porgrams/stm32 system workbench/plugins/fr.ac6.mcu.externaltools.arm-none.win32_1.13.2.201705091103/tools/compiler/bin/../lib/gcc/arm-none-eabi/5.4.1/../../../../arm-none-eabi/lib/armv7-m\libc.a(lib_a-impure.o)
                              g:/porgrams/stm32 system workbench/plugins/fr.ac6.mcu.externaltools.arm-none.win32_1.13.2.201705091103/tools/compiler/bin/../lib/gcc/arm-none-eabi/5.4.1/../../../../arm-none-eabi/lib/armv7-m\libc.a(lib_a-exit.o) (_global_impure_ptr)
g:/porgrams/stm32 system workbench/plugins/fr.ac6.mcu.externaltools.arm-none.win32_1.13.2.201705091103/tools/compiler/bin/../lib/gcc/arm-none-eabi/5.4.1/../../../../arm-none-eabi/lib/armv7-m\libc.a(lib_a-init.o)
                              g:/porgrams/stm32 system workbench/plugins/fr.ac6.mcu.externaltools.arm-none.win32_1.13.2.201705091103/tools/compiler/bin/../lib/gcc/arm-none-eabi/5.4.1/../../../../arm-none-eabi/lib/armv7-m/crt0.o (__libc_init_array)
g:/porgrams/stm32 system workbench/plugins/fr.ac6.mcu.externaltools.arm-none.win32_1.13.2.201705091103/tools/compiler/bin/../lib/gcc/arm-none-eabi/5.4.1/../../../../arm-none-eabi/lib/armv7-m\libc.a(lib_a-memset.o)
                              g:/porgrams/stm32 system workbench/plugins/fr.ac6.mcu.externaltools.arm-none.win32_1.13.2.201705091103/tools/compiler/bin/../lib/gcc/arm-none-eabi/5.4.1/../../../../arm-none-eabi/lib/armv7-m/crt0.o (memset)
g:/porgrams/stm32 system workbench/plugins/fr.ac6.mcu.externaltools.arm-none.win32_1.13.2.201705091103/tools/compiler/bin/../lib/gcc/arm-none-eabi/5.4.1/../../../../arm-none-eabi/lib/armv7-m\libc.a(lib_a-__call_atexit.o)
                              g:/porgrams/stm32 system workbench/plugins/fr.ac6.mcu.externaltools.arm-none.win32_1.13.2.201705091103/tools/compiler/bin/../lib/gcc/arm-none-eabi/5.4.1/../../../../arm-none-eabi/lib/armv7-m\libc.a(lib_a-exit.o) (__call_exitprocs)
g:/porgrams/stm32 system workbench/plugins/fr.ac6.mcu.externaltools.arm-none.win32_1.13.2.201705091103/tools/compiler/bin/../lib/gcc/arm-none-eabi/5.4.1/../../../../arm-none-eabi/lib/armv7-m\libc.a(lib_a-atexit.o)
                              g:/porgrams/stm32 system workbench/plugins/fr.ac6.mcu.externaltools.arm-none.win32_1.13.2.201705091103/tools/compiler/bin/../lib/gcc/arm-none-eabi/5.4.1/../../../../arm-none-eabi/lib/armv7-m\libc.a(lib_a-__call_atexit.o) (atexit)
g:/porgrams/stm32 system workbench/plugins/fr.ac6.mcu.externaltools.arm-none.win32_1.13.2.201705091103/tools/compiler/bin/../lib/gcc/arm-none-eabi/5.4.1/../../../../arm-none-eabi/lib/armv7-m\libc.a(lib_a-fini.o)
                              g:/porgrams/stm32 system workbench/plugins/fr.ac6.mcu.externaltools.arm-none.win32_1.13.2.201705091103/tools/compiler/bin/../lib/gcc/arm-none-eabi/5.4.1/../../../../arm-none-eabi/lib/armv7-m\libc.a(lib_a-__call_atexit.o) (__libc_fini_array)
g:/porgrams/stm32 system workbench/plugins/fr.ac6.mcu.externaltools.arm-none.win32_1.13.2.201705091103/tools/compiler/bin/../lib/gcc/arm-none-eabi/5.4.1/../../../../arm-none-eabi/lib/armv7-m\libc.a(lib_a-__atexit.o)
[...]
Memory Configuration

Name             Origin             Length             Attributes
FLASH            0x08000000         0x00080000         xr
RAM              0x20000000         0x00014000         xrw
MEMORY_B1        0x60000000         0x00000000         xr
*default*        0x00000000         0xffffffff

Linker script and memory map

LOAD g:/porgrams/stm32 system workbench/plugins/fr.ac6.mcu.externaltools.arm-none.win32_1.13.2.201705091103/tools/compiler/bin/../lib/gcc/arm-none-eabi/5.4.1/armv7-m/crti.o
LOAD g:/porgrams/stm32 system workbench/plugins/fr.ac6.mcu.externaltools.arm-none.win32_1.13.2.201705091103/tools/compiler/bin/../lib/gcc/arm-none-eabi/5.4.1/armv7-m/crtbegin.o
LOAD g:/porgrams/stm32 system workbench/plugins/fr.ac6.mcu.externaltools.arm-none.win32_1.13.2.201705091103/tools/compiler/bin/../lib/gcc/arm-none-eabi/5.4.1/../../../../arm-none-eabi/lib/armv7-m/crt0.o
LOAD src/main.o
LOAD src/syscalls.o
LOAD src/system_stm32l1xx.o
LOAD startup/startup_stm32l1xx_xl.o
LOAD G:\Documents and stuff\Project Avalanche\Workspace 4\nucleo-l152re_stdperiph_lib\Debug\libnucleo-l152re_stdperiph_lib.a
LOAD g:/porgrams/stm32 system workbench/plugins/fr.ac6.mcu.externaltools.arm-none.win32_1.13.2.201705091103/tools/compiler/bin/../lib/gcc/arm-none-eabi/5.4.1/../../../../arm-none-eabi/lib/armv7-m\libm.a
START GROUP
LOAD g:/porgrams/stm32 system workbench/plugins/fr.ac6.mcu.externaltools.arm-none.win32_1.13.2.201705091103/tools/compiler/bin/../lib/gcc/arm-none-eabi/5.4.1/armv7-m\libgcc.a
LOAD g:/porgrams/stm32 system workbench/plugins/fr.ac6.mcu.externaltools.arm-none.win32_1.13.2.201705091103/tools/compiler/bin/../lib/gcc/arm-none-eabi/5.4.1/../../../../arm-none-eabi/lib/armv7-m\libc.a
END GROUP
LOAD g:/porgrams/stm32 system workbench/plugins/fr.ac6.mcu.externaltools.arm-none.win32_1.13.2.201705091103/tools/compiler/bin/../lib/gcc/arm-none-eabi/5.4.1/armv7-m/crtend.o
LOAD g:/porgrams/stm32 system workbench/plugins/fr.ac6.mcu.externaltools.arm-none.win32_1.13.2.201705091103/tools/compiler/bin/../lib/gcc/arm-none-eabi/5.4.1/armv7-m/crtn.o
                0x20014000                _estack = 0x20014000
                0x00000200                _Min_Heap_Size = 0x200
                0x00000400                _Min_Stack_Size = 0x400

.isr_vector     0x08000000      0x13c
                0x08000000                . = ALIGN (0x4)
 *(.isr_vector)
 .isr_vector    0x08000000      0x13c startup/startup_stm32l1xx_xl.o
                0x08000000                g_pfnVectors
                0x0800013c                . = ALIGN (0x4)

.text           0x0800013c     0x1054
                0x0800013c                . = ALIGN (0x4)
 *(.text)
 .text          0x0800013c       0x5c g:/porgrams/stm32 system workbench/plugins/fr.ac6.mcu.externaltools.arm-none.win32_1.13.2.201705091103/tools/compiler/bin/../lib/gcc/arm-none-eabi/5.4.1/armv7-m/crtbegin.o
 *(.text*)
 .text.NVIC_SetPriority
                0x08000198       0x54 src/main.o
 .text.SysTick_Config
                0x080001ec       0x44 src/main.o
 .text.initUSART2
                0x08000230       0xa8 src/main.o
                0x08000230                initUSART2
 .text.initADC1
                0x080002d8       0x90 src/main.o
                0x080002d8                initADC1
 .text.initNVIC
                0x08000368       0x2c src/main.o
                0x08000368                initNVIC
 .text.Init     0x08000394       0x48 src/main.o
                0x08000394                Init
 .text.main     0x080003dc       0x30 src/main.o
                0x080003dc                main
 .text.USART2_IRQHandler
                0x0800040c       0x38 src/main.o
                0x0800040c                USART2_IRQHandler
 .text.SystemInit
                0x08000444       0x68 src/system_stm32l1xx.o
                0x08000444                SystemInit
 .text.SetSysClock
                0x080004ac      0x120 src/system_stm32l1xx.o
 .text.Reset_Handler
                0x080005cc       0x48 startup/startup_stm32l1xx_xl.o
                0x080005cc                Reset_Handler
 .text.Default_Handler
                0x08000614        0x2 startup/startup_stm32l1xx_xl.o
                0x08000614                RTC_Alarm_IRQHandler
                0x08000614                EXTI2_IRQHandler
                0x08000614                COMP_ACQ_IRQHandler
                0x08000614                DebugMon_Handler
                0x08000614                HardFault_Handler
                0x08000614                TIM10_IRQHandler
                0x08000614                USB_HP_IRQHandler
                0x08000614                TIM6_IRQHandler
                0x08000614                SysTick_Handler
                0x08000614                PVD_IRQHandler
                0x08000614                PendSV_Handler
                0x08000614                NMI_Handler
                0x08000614                EXTI3_IRQHandler
                0x08000614                EXTI0_IRQHandler
                0x08000614                I2C2_EV_IRQHandler
                0x08000614                UsageFault_Handler
                0x08000614                SPI1_IRQHandler
                0x08000614                USB_FS_WKUP_IRQHandler
                0x08000614                DMA2_Channel2_IRQHandler
                0x08000614                DMA1_Channel4_IRQHandler
                0x08000614                ADC1_IRQHandler
                0x08000614                USART3_IRQHandler
                0x08000614                DMA1_Channel7_IRQHandler
                0x08000614                LCD_IRQHandler
                0x08000614                UART5_IRQHandler
                0x08000614                TIM4_IRQHandler
                0x08000614                DMA2_Channel1_IRQHandler
                0x08000614                I2C1_EV_IRQHandler
                0x08000614                DMA1_Channel6_IRQHandler
                0x08000614                UART4_IRQHandler
                0x08000614                DMA2_Channel4_IRQHandler
                0x08000614                TIM3_IRQHandler
                0x08000614                RCC_IRQHandler
                0x08000614                DMA1_Channel1_IRQHandler
                0x08000614                Default_Handler
                0x08000614                EXTI15_10_IRQHandler
                0x08000614                TIM7_IRQHandler
                0x08000614                TIM5_IRQHandler
                0x08000614                EXTI9_5_IRQHandler
                0x08000614                TIM9_IRQHandler
                0x08000614                TAMPER_STAMP_IRQHandler
                0x08000614                RTC_WKUP_IRQHandler
                0x08000614                SPI2_IRQHandler
                0x08000614                MemManage_Handler
                0x08000614                SVC_Handler
                0x08000614                DMA2_Channel5_IRQHandler
                0x08000614                DMA1_Channel5_IRQHandler
                0x08000614                USB_LP_IRQHandler
                0x08000614                EXTI4_IRQHandler
                0x08000614                DMA1_Channel3_IRQHandler
                0x08000614                COMP_IRQHandler
                0x08000614                WWDG_IRQHandler
                0x08000614                TIM2_IRQHandler
                0x08000614                DAC_IRQHandler
                0x08000614                EXTI1_IRQHandler
                0x08000614                AES_IRQHandler
                0x08000614                TIM11_IRQHandler
                0x08000614                I2C2_ER_IRQHandler
                0x08000614                DMA1_Channel2_IRQHandler
                0x08000614                FLASH_IRQHandler
                0x08000614                BusFault_Handler
                0x08000614                USART1_IRQHandler
                0x08000614                SPI3_IRQHandler
                0x08000614                I2C1_ER_IRQHandler
                0x08000614                DMA2_Channel3_IRQHandler
 *fill*         0x08000616        0x2 
 .text.NVIC_Init
                0x08000618       0xc0 G:\Documents and stuff\Project Avalanche\Workspace 4\nucleo-l152re_stdperiph_lib\Debug\libnucleo-l152re_stdperiph_lib.a(misc.o)
                0x08000618                NVIC_Init
 .text.ADC_DeInit
                0x080006d8       0x30 G:\Documents and stuff\Project Avalanche\Workspace 4\nucleo-l152re_stdperiph_lib\Debug\libnucleo-l152re_stdperiph_lib.a(stm32l1xx_adc.o)
                0x080006d8                ADC_DeInit
 .text.ADC_Init
                0x08000708       0xa8 G:\Documents and stuff\Project Avalanche\Workspace 4\nucleo-l152re_stdperiph_lib\Debug\libnucleo-l152re_stdperiph_lib.a(stm32l1xx_adc.o)
                0x08000708                ADC_Init
 .text.ADC_CommonInit
                0x080007b0       0x38 G:\Documents and stuff\Project Avalanche\Workspace 4\nucleo-l152re_stdperiph_lib\Debug\libnucleo-l152re_stdperiph_lib.a(stm32l1xx_adc.o)
                0x080007b0                ADC_CommonInit
 .text.ADC_Cmd  0x080007e8       0x38 G:\Documents and stuff\Project Avalanche\Workspace 4\nucleo-l152re_stdperiph_lib\Debug\libnucleo-l152re_stdperiph_lib.a(stm32l1xx_adc.o)
                0x080007e8                ADC_Cmd
 .text.ADC_GetFlagStatus
                0x08000820       0x34 G:\Documents and stuff\Project Avalanche\Workspace 4\nucleo-l152re_stdperiph_lib\Debug\libnucleo-l152re_stdperiph_lib.a(stm32l1xx_adc.o)
                0x08000820                ADC_GetFlagStatus
 .text.DBGMCU_Config
                0x08000854       0x3c G:\Documents and stuff\Project Avalanche\Workspace 4\nucleo-l152re_stdperiph_lib\Debug\libnucleo-l152re_stdperiph_lib.a(stm32l1xx_dbgmcu.o)
                0x08000854                DBGMCU_Config
 .text.GPIO_Init
                0x08000890      0x138 G:\Documents and stuff\Project Avalanche\Workspace 4\nucleo-l152re_stdperiph_lib\Debug\libnucleo-l152re_stdperiph_lib.a(stm32l1xx_gpio.o)
                0x08000890                GPIO_Init
 .text.GPIO_StructInit
                0x080009c8       0x34 G:\Documents and stuff\Project Avalanche\Workspace 4\nucleo-l152re_stdperiph_lib\Debug\libnucleo-l152re_stdperiph_lib.a(stm32l1xx_gpio.o)
                0x080009c8                GPIO_StructInit
 .text.GPIO_PinAFConfig
                0x080009fc       0x90 G:\Documents and stuff\Project Avalanche\Workspace 4\nucleo-l152re_stdperiph_lib\Debug\libnucleo-l152re_stdperiph_lib.a(stm32l1xx_gpio.o)
                0x080009fc                GPIO_PinAFConfig
 .text.RCC_GetClocksFreq
                0x08000a8c      0x1b4 G:\Documents and stuff\Project Avalanche\Workspace 4\nucleo-l152re_stdperiph_lib\Debug\libnucleo-l152re_stdperiph_lib.a(stm32l1xx_rcc.o)
                0x08000a8c                RCC_GetClocksFreq
 .text.RCC_AHBPeriphClockCmd
                0x08000c40       0x3c G:\Documents and stuff\Project Avalanche\Workspace 4\nucleo-l152re_stdperiph_lib\Debug\libnucleo-l152re_stdperiph_lib.a(stm32l1xx_rcc.o)
                0x08000c40                RCC_AHBPeriphClockCmd
 .text.RCC_APB2PeriphClockCmd
                0x08000c7c       0x3c G:\Documents and stuff\Project Avalanche\Workspace 4\nucleo-l152re_stdperiph_lib\Debug\libnucleo-l152re_stdperiph_lib.a(stm32l1xx_rcc.o)
                0x08000c7c                RCC_APB2PeriphClockCmd
 .text.RCC_APB1PeriphClockCmd
                0x08000cb8       0x3c G:\Documents and stuff\Project Avalanche\Workspace 4\nucleo-l152re_stdperiph_lib\Debug\libnucleo-l152re_stdperiph_lib.a(stm32l1xx_rcc.o)
                0x08000cb8                RCC_APB1PeriphClockCmd
 .text.RCC_APB2PeriphResetCmd
                0x08000cf4       0x3c G:\Documents and stuff\Project Avalanche\Workspace 4\nucleo-l152re_stdperiph_lib\Debug\libnucleo-l152re_stdperiph_lib.a(stm32l1xx_rcc.o)
                0x08000cf4                RCC_APB2PeriphResetCmd
 .text.USART_Init
                0x08000d30      0x168 G:\Documents and stuff\Project Avalanche\Workspace 4\nucleo-l152re_stdperiph_lib\Debug\libnucleo-l152re_stdperiph_lib.a(stm32l1xx_usart.o)
                0x08000d30                USART_Init
 .text.USART_Cmd
                0x08000e98       0x40 G:\Documents and stuff\Project Avalanche\Workspace 4\nucleo-l152re_stdperiph_lib\Debug\libnucleo-l152re_stdperiph_lib.a(stm32l1xx_usart.o)
                0x08000e98                USART_Cmd
 .text.USART_ReceiveData
                0x08000ed8       0x20 G:\Documents and stuff\Project Avalanche\Workspace 4\nucleo-l152re_stdperiph_lib\Debug\libnucleo-l152re_stdperiph_lib.a(stm32l1xx_usart.o)
                0x08000ed8                USART_ReceiveData
 .text.USART_ITConfig
                0x08000ef8       0x90 G:\Documents and stuff\Project Avalanche\Workspace 4\nucleo-l152re_stdperiph_lib\Debug\libnucleo-l152re_stdperiph_lib.a(stm32l1xx_usart.o)
                0x08000ef8                USART_ITConfig
 .text.USART_GetITStatus
                0x08000f88       0xb4 G:\Documents and stuff\Project Avalanche\Workspace 4\nucleo-l152re_stdperiph_lib\Debug\libnucleo-l152re_stdperiph_lib.a(stm32l1xx_usart.o)
                0x08000f88                USART_GetITStatus
 .text.__libc_init_array
                0x0800103c       0x50 g:/porgrams/stm32 system workbench/plugins/fr.ac6.mcu.externaltools.arm-none.win32_1.13.2.201705091103/tools/compiler/bin/../lib/gcc/arm-none-eabi/5.4.1/../../../../arm-none-eabi/lib/armv7-m\libc.a(lib_a-init.o)
                0x0800103c                __libc_init_array
 .text.startup.register_fini
                0x0800108c       0x14 g:/porgrams/stm32 system workbench/plugins/fr.ac6.mcu.externaltools.arm-none.win32_1.13.2.201705091103/tools/compiler/bin/../lib/gcc/arm-none-eabi/5.4.1/../../../../arm-none-eabi/lib/armv7-m\libc.a(lib_a-__call_atexit.o)
 .text.atexit   0x080010a0        0xc g:/porgrams/stm32 system workbench/plugins/fr.ac6.mcu.externaltools.arm-none.win32_1.13.2.201705091103/tools/compiler/bin/../lib/gcc/arm-none-eabi/5.4.1/../../../../arm-none-eabi/lib/armv7-m\libc.a(lib_a-atexit.o)
                0x080010a0                atexit
 .text.__libc_fini_array
                0x080010ac       0x28 g:/porgrams/stm32 system workbench/plugins/fr.ac6.mcu.externaltools.arm-none.win32_1.13.2.201705091103/tools/compiler/bin/../lib/gcc/arm-none-eabi/5.4.1/../../../../arm-none-eabi/lib/armv7-m\libc.a(lib_a-fini.o)
                0x080010ac                __libc_fini_array
 .text.__register_exitproc
                0x080010d4       0xa4 g:/porgrams/stm32 system workbench/plugins/fr.ac6.mcu.externaltools.arm-none.win32_1.13.2.201705091103/tools/compiler/bin/../lib/gcc/arm-none-eabi/5.4.1/../../../../arm-none-eabi/lib/armv7-m\libc.a(lib_a-__atexit.o)
                0x080010d4                __register_exitproc
 *(.glue_7)
 .glue_7        0x08001178        0x0 linker stubs
 *(.glue_7t)
 .glue_7t       0x08001178        0x0 linker stubs
 *(.eh_frame)
 .eh_frame      0x08001178        0x0 g:/porgrams/stm32 system workbench/plugins/fr.ac6.mcu.externaltools.arm-none.win32_1.13.2.201705091103/tools/compiler/bin/../lib/gcc/arm-none-eabi/5.4.1/armv7-m/crtbegin.o
 *(.init)
 .init          0x08001178        0x4 g:/porgrams/stm32 system workbench/plugins/fr.ac6.mcu.externaltools.arm-none.win32_1.13.2.201705091103/tools/compiler/bin/../lib/gcc/arm-none-eabi/5.4.1/armv7-m/crti.o
                0x08001178                _init
 .init          0x0800117c        0x8 g:/porgrams/stm32 system workbench/plugins/fr.ac6.mcu.externaltools.arm-none.win32_1.13.2.201705091103/tools/compiler/bin/../lib/gcc/arm-none-eabi/5.4.1/armv7-m/crtn.o
 *(.fini)
 .fini          0x08001184        0x4 g:/porgrams/stm32 system workbench/plugins/fr.ac6.mcu.externaltools.arm-none.win32_1.13.2.201705091103/tools/compiler/bin/../lib/gcc/arm-none-eabi/5.4.1/armv7-m/crti.o
                0x08001184                _fini
 .fini          0x08001188        0x8 g:/porgrams/stm32 system workbench/plugins/fr.ac6.mcu.externaltools.arm-none.win32_1.13.2.201705091103/tools/compiler/bin/../lib/gcc/arm-none-eabi/5.4.1/armv7-m/crtn.o
                0x08001190                . = ALIGN (0x4)
                0x08001190                _etext = .

.vfp11_veneer   0x08001190        0x0
 .vfp11_veneer  0x08001190        0x0 linker stubs

.v4_bx          0x08001190        0x0
 .v4_bx         0x08001190        0x0 linker stubs

.iplt           0x08001190        0x0
 .iplt          0x08001190        0x0 g:/porgrams/stm32 system workbench/plugins/fr.ac6.mcu.externaltools.arm-none.win32_1.13.2.201705091103/tools/compiler/bin/../lib/gcc/arm-none-eabi/5.4.1/armv7-m/crtbegin.o

.rodata         0x08001190        0x4
                0x08001190                . = ALIGN (0x4)
 *(.rodata)
 *(.rodata*)
 .rodata._global_impure_ptr
                0x08001190        0x4 g:/porgrams/stm32 system workbench/plugins/fr.ac6.mcu.externaltools.arm-none.win32_1.13.2.201705091103/tools/compiler/bin/../lib/gcc/arm-none-eabi/5.4.1/../../../../arm-none-eabi/lib/armv7-m\libc.a(lib_a-impure.o)
                0x08001190                _global_impure_ptr
                0x08001194                . = ALIGN (0x4)

.rel.dyn        0x08001194        0x0
 .rel.iplt      0x08001194        0x0 g:/porgrams/stm32 system workbench/plugins/fr.ac6.mcu.externaltools.arm-none.win32_1.13.2.201705091103/tools/compiler/bin/../lib/gcc/arm-none-eabi/5.4.1/armv7-m/crtbegin.o

.ARM.extab
 *(.ARM.extab* .gnu.linkonce.armextab.*)

.ARM            0x08001194        0x0
                0x08001194                __exidx_start = .
 *(.ARM.exidx*)
                0x08001194                __exidx_end = .

.preinit_array  0x08001194        0x0
                0x08001194                PROVIDE (__preinit_array_start, .)
 *(.preinit_array*)
                0x08001194                PROVIDE (__preinit_array_end, .)

.init_array     0x08001194        0x8
                0x08001194                PROVIDE (__init_array_start, .)
 *(SORT(.init_array.*))
 .init_array.00000
                0x08001194        0x4 g:/porgrams/stm32 system workbench/plugins/fr.ac6.mcu.externaltools.arm-none.win32_1.13.2.201705091103/tools/compiler/bin/../lib/gcc/arm-none-eabi/5.4.1/../../../../arm-none-eabi/lib/armv7-m\libc.a(lib_a-__call_atexit.o)
 *(.init_array*)
 .init_array    0x08001198        0x4 g:/porgrams/stm32 system workbench/plugins/fr.ac6.mcu.externaltools.arm-none.win32_1.13.2.201705091103/tools/compiler/bin/../lib/gcc/arm-none-eabi/5.4.1/armv7-m/crtbegin.o
                0x0800119c                PROVIDE (__init_array_end, .)

.fini_array     0x0800119c        0x4
                0x0800119c                PROVIDE (__fini_array_start, .)
 *(SORT(.fini_array.*))
 *(.fini_array*)
 .fini_array    0x0800119c        0x4 g:/porgrams/stm32 system workbench/plugins/fr.ac6.mcu.externaltools.arm-none.win32_1.13.2.201705091103/tools/compiler/bin/../lib/gcc/arm-none-eabi/5.4.1/armv7-m/crtbegin.o
                0x080011a0                PROVIDE (__fini_array_end, .)
                0x080011a0                _sidata = LOADADDR (.data)

.data           0x20000000      0x468 load address 0x080011a0
                0x20000000                . = ALIGN (0x4)
                0x20000000                _sdata = .
 *(.data)
 .data          0x20000000       0x20 src/system_stm32l1xx.o
                0x20000000                SystemCoreClock
                0x20000004                PLLMulTable
                0x20000010                AHBPrescTable
 .data          0x20000020       0x1c G:\Documents and stuff\Project Avalanche\Workspace 4\nucleo-l152re_stdperiph_lib\Debug\libnucleo-l152re_stdperiph_lib.a(stm32l1xx_rcc.o)
 *(.data*)
 *fill*         0x2000003c        0x4 
 .data.impure_data
                0x20000040      0x428 g:/porgrams/stm32 system workbench/plugins/fr.ac6.mcu.externaltools.arm-none.win32_1.13.2.201705091103/tools/compiler/bin/../lib/gcc/arm-none-eabi/5.4.1/../../../../arm-none-eabi/lib/armv7-m\libc.a(lib_a-impure.o)
 *(.RamFunc)
                0x20000468                . = ALIGN (0x4)
                0x20000468                _edata = .

.jcr            0x20000468        0x0 load address 0x08001608
 .jcr           0x20000468        0x0 g:/porgrams/stm32 system workbench/plugins/fr.ac6.mcu.externaltools.arm-none.win32_1.13.2.201705091103/tools/compiler/bin/../lib/gcc/arm-none-eabi/5.4.1/armv7-m/crtbegin.o

.igot.plt       0x20000468        0x0 load address 0x08001608
 .igot.plt      0x20000468        0x0 g:/porgrams/stm32 system workbench/plugins/fr.ac6.mcu.externaltools.arm-none.win32_1.13.2.201705091103/tools/compiler/bin/../lib/gcc/arm-none-eabi/5.4.1/armv7-m/crtbegin.o
                0x20000468                . = ALIGN (0x4)

.bss            0x20000468       0x68 load address 0x08001608
                0x20000468                _sbss = .
                0x20000468                __bss_start__ = _sbss
 *(.bss)
 .bss           0x20000468       0x1c g:/porgrams/stm32 system workbench/plugins/fr.ac6.mcu.externaltools.arm-none.win32_1.13.2.201705091103/tools/compiler/bin/../lib/gcc/arm-none-eabi/5.4.1/armv7-m/crtbegin.o
 .bss           0x20000484        0x8 src/main.o
 *(.bss*)
 *(COMMON)
 COMMON         0x2000048c       0x44 src/main.o
                0x2000048c                ADCInit
                0x200004a4                NVICInit
                0x200004a8                ADCSetup
                0x200004ac                GPIO_InitStructure
                0x200004b4                GPIOPortA
                0x200004bc                USART_InitStructure
                0x200004cc                RxData
                0x200004ce                Ain
                0x200004d0                . = ALIGN (0x4)
                0x200004d0                _ebss = .
                0x200004d0                __bss_end__ = _ebss

._user_heap_stack
                0x200004d0      0x600 load address 0x08001608
                0x200004d0                . = ALIGN (0x8)
                0x200004d0                PROVIDE (end, .)
                [!provide]                PROVIDE (_end, .)
                0x200006d0                . = (. + _Min_Heap_Size)
 *fill*         0x200004d0      0x200 
                0x20000ad0                . = (. + _Min_Stack_Size)
 *fill*         0x200006d0      0x400 
                0x20000ad0                . = ALIGN (0x8)

.memory_b1_text
 *(.mb1text)
 *(.mb1text*)
 *(.mb1rodata)
 *(.mb1rodata*)

/DISCARD/
 libc.a(*)
 libm.a(*)
 libgcc.a(*)

.ARM.attributes
                0x00000000       0x29
 *(.ARM.attributes)
 .ARM.attributes
                0x00000000       0x1d g:/porgrams/stm32 system workbench/plugins/fr.ac6.mcu.externaltools.arm-none.win32_1.13.2.201705091103/tools/compiler/bin/../lib/gcc/arm-none-eabi/5.4.1/armv7-m/crti.o
 .ARM.attributes
                0x0000001d       0x2d g:/porgrams/stm32 system workbench/plugins/fr.ac6.mcu.externaltools.arm-none.win32_1.13.2.201705091103/tools/compiler/bin/../lib/gcc/arm-none-eabi/5.4.1/armv7-m/crtbegin.o
 .ARM.attributes
                0x0000004a       0x33 src/main.o
 .ARM.attributes
                0x0000007d       0x33 src/system_stm32l1xx.o
 .ARM.attributes
                0x000000b0       0x21 startup/startup_stm32l1xx_xl.o
 .ARM.attributes
                0x000000d1       0x33 G:\Documents and stuff\Project Avalanche\Workspace 4\nucleo-l152re_stdperiph_lib\Debug\libnucleo-l152re_stdperiph_lib.a(misc.o)
 .ARM.attributes
                0x00000104       0x33 G:\Documents and stuff\Project Avalanche\Workspace 4\nucleo-l152re_stdperiph_lib\Debug\libnucleo-l152re_stdperiph_lib.a(stm32l1xx_adc.o)
 .ARM.attributes
                0x00000137       0x33 G:\Documents and stuff\Project Avalanche\Workspace 4\nucleo-l152re_stdperiph_lib\Debug\libnucleo-l152re_stdperiph_lib.a(stm32l1xx_dbgmcu.o)
 .ARM.attributes
                0x0000016a       0x33 G:\Documents and stuff\Project Avalanche\Workspace 4\nucleo-l152re_stdperiph_lib\Debug\libnucleo-l152re_stdperiph_lib.a(stm32l1xx_gpio.o)
 .ARM.attributes
                0x0000019d       0x33 G:\Documents and stuff\Project Avalanche\Workspace 4\nucleo-l152re_stdperiph_lib\Debug\libnucleo-l152re_stdperiph_lib.a(stm32l1xx_rcc.o)
 .ARM.attributes
                0x000001d0       0x33 G:\Documents and stuff\Project Avalanche\Workspace 4\nucleo-l152re_stdperiph_lib\Debug\libnucleo-l152re_stdperiph_lib.a(stm32l1xx_usart.o)
 .ARM.attributes
                0x00000203       0x2d g:/porgrams/stm32 system workbench/plugins/fr.ac6.mcu.externaltools.arm-none.win32_1.13.2.201705091103/tools/compiler/bin/../lib/gcc/arm-none-eabi/5.4.1/../../../../arm-none-eabi/lib/armv7-m\libc.a(lib_a-impure.o)
 .ARM.attributes
                0x00000230       0x2d g:/porgrams/stm32 system workbench/plugins/fr.ac6.mcu.externaltools.arm-none.win32_1.13.2.201705091103/tools/compiler/bin/../lib/gcc/arm-none-eabi/5.4.1/../../../../arm-none-eabi/lib/armv7-m\libc.a(lib_a-init.o)
 .ARM.attributes
                0x0000025d       0x2d g:/porgrams/stm32 system workbench/plugins/fr.ac6.mcu.externaltools.arm-none.win32_1.13.2.201705091103/tools/compiler/bin/../lib/gcc/arm-none-eabi/5.4.1/../../../../arm-none-eabi/lib/armv7-m\libc.a(lib_a-__call_atexit.o)
 .ARM.attributes
                0x0000028a       0x2d g:/porgrams/stm32 system workbench/plugins/fr.ac6.mcu.externaltools.arm-none.win32_1.13.2.201705091103/tools/compiler/bin/../lib/gcc/arm-none-eabi/5.4.1/../../../../arm-none-eabi/lib/armv7-m\libc.a(lib_a-atexit.o)
 .ARM.attributes
                0x000002b7       0x2d g:/porgrams/stm32 system workbench/plugins/fr.ac6.mcu.externaltools.arm-none.win32_1.13.2.201705091103/tools/compiler/bin/../lib/gcc/arm-none-eabi/5.4.1/../../../../arm-none-eabi/lib/armv7-m\libc.a(lib_a-fini.o)
 .ARM.attributes
                0x000002e4       0x2d g:/porgrams/stm32 system workbench/plugins/fr.ac6.mcu.externaltools.arm-none.win32_1.13.2.201705091103/tools/compiler/bin/../lib/gcc/arm-none-eabi/5.4.1/../../../../arm-none-eabi/lib/armv7-m\libc.a(lib_a-__atexit.o)
 .ARM.attributes
                0x00000311       0x1d g:/porgrams/stm32 system workbench/plugins/fr.ac6.mcu.externaltools.arm-none.win32_1.13.2.201705091103/tools/compiler/bin/../lib/gcc/arm-none-eabi/5.4.1/armv7-m/crtn.o
OUTPUT(UltrasonicCorrelationMeasure.elf elf32-littlearm)

.debug_info     0x00000000     0x41a1
 .debug_info    0x00000000      0xd16 src/main.o
 .debug_info    0x00000d16      0x57b src/system_stm32l1xx.o
 .debug_info    0x00001291       0x9e startup/startup_stm32l1xx_xl.o
 .debug_info    0x0000132f      0x55e G:\Documents and stuff\Project Avalanche\Workspace 4\nucleo-l152re_stdperiph_lib\Debug\libnucleo-l152re_stdperiph_lib.a(misc.o)
 .debug_info    0x0000188d      0xcb9 G:\Documents and stuff\Project Avalanche\Workspace 4\nucleo-l152re_stdperiph_lib\Debug\libnucleo-l152re_stdperiph_lib.a(stm32l1xx_adc.o)
 .debug_info    0x00002546      0x1e8 G:\Documents and stuff\Project Avalanche\Workspace 4\nucleo-l152re_stdperiph_lib\Debug\libnucleo-l152re_stdperiph_lib.a(stm32l1xx_dbgmcu.o)
 .debug_info    0x0000272e      0x674 G:\Documents and stuff\Project Avalanche\Workspace 4\nucleo-l152re_stdperiph_lib\Debug\libnucleo-l152re_stdperiph_lib.a(stm32l1xx_gpio.o)
 .debug_info    0x00002da2      0xa2d G:\Documents and stuff\Project Avalanche\Workspace 4\nucleo-l152re_stdperiph_lib\Debug\libnucleo-l152re_stdperiph_lib.a(stm32l1xx_rcc.o)
 .debug_info    0x000037cf      0x9d2 G:\Documents and stuff\Project Avalanche\Workspace 4\nucleo-l152re_stdperiph_lib\Debug\libnucleo-l152re_stdperiph_lib.a(stm32l1xx_usart.o)

.debug_abbrev   0x00000000      0xc3d
 .debug_abbrev  0x00000000      0x237 src/main.o
 .debug_abbrev  0x00000237      0x14c src/system_stm32l1xx.o
 .debug_abbrev  0x00000383       0x12 startup/startup_stm32l1xx_xl.o
 .debug_abbrev  0x00000395      0x14c G:\Documents and stuff\Project Avalanche\Workspace 4\nucleo-l152re_stdperiph_lib\Debug\libnucleo-l152re_stdperiph_lib.a(misc.o)
 .debug_abbrev  0x000004e1      0x185 G:\Documents and stuff\Project Avalanche\Workspace 4\nucleo-l152re_stdperiph_lib\Debug\libnucleo-l152re_stdperiph_lib.a(stm32l1xx_adc.o)
 .debug_abbrev  0x00000666       0xe5 G:\Documents and stuff\Project Avalanche\Workspace 4\nucleo-l152re_stdperiph_lib\Debug\libnucleo-l152re_stdperiph_lib.a(stm32l1xx_dbgmcu.o)
 .debug_abbrev  0x0000074b      0x1ac G:\Documents and stuff\Project Avalanche\Workspace 4\nucleo-l152re_stdperiph_lib\Debug\libnucleo-l152re_stdperiph_lib.a(stm32l1xx_gpio.o)
 .debug_abbrev  0x000008f7      0x1ea G:\Documents and stuff\Project Avalanche\Workspace 4\nucleo-l152re_stdperiph_lib\Debug\libnucleo-l152re_stdperiph_lib.a(stm32l1xx_rcc.o)
 .debug_abbrev  0x00000ae1      0x15c G:\Documents and stuff\Project Avalanche\Workspace 4\nucleo-l152re_stdperiph_lib\Debug\libnucleo-l152re_stdperiph_lib.a(stm32l1xx_usart.o)

.debug_aranges  0x00000000      0x560
 .debug_aranges
                0x00000000       0x70 src/main.o
 .debug_aranges
                0x00000070       0x30 src/system_stm32l1xx.o
 .debug_aranges
                0x000000a0       0x28 startup/startup_stm32l1xx_xl.o
 .debug_aranges
                0x000000c8       0x40 G:\Documents and stuff\Project Avalanche\Workspace 4\nucleo-l152re_stdperiph_lib\Debug\libnucleo-l152re_stdperiph_lib.a(misc.o)
 .debug_aranges
                0x00000108      0x148 G:\Documents and stuff\Project Avalanche\Workspace 4\nucleo-l152re_stdperiph_lib\Debug\libnucleo-l152re_stdperiph_lib.a(stm32l1xx_adc.o)
 .debug_aranges
                0x00000250       0x40 G:\Documents and stuff\Project Avalanche\Workspace 4\nucleo-l152re_stdperiph_lib\Debug\libnucleo-l152re_stdperiph_lib.a(stm32l1xx_dbgmcu.o)
 .debug_aranges
                0x00000290       0x88 G:\Documents and stuff\Project Avalanche\Workspace 4\nucleo-l152re_stdperiph_lib\Debug\libnucleo-l152re_stdperiph_lib.a(stm32l1xx_gpio.o)
 .debug_aranges
                0x00000318      0x148 G:\Documents and stuff\Project Avalanche\Workspace 4\nucleo-l152re_stdperiph_lib\Debug\libnucleo-l152re_stdperiph_lib.a(stm32l1xx_rcc.o)
 .debug_aranges
                0x00000460      0x100 G:\Documents and stuff\Project Avalanche\Workspace 4\nucleo-l152re_stdperiph_lib\Debug\libnucleo-l152re_stdperiph_lib.a(stm32l1xx_usart.o)

.debug_ranges   0x00000000      0x4d8
 .debug_ranges  0x00000000       0x60 src/main.o
 .debug_ranges  0x00000060       0x20 src/system_stm32l1xx.o
 .debug_ranges  0x00000080       0x20 startup/startup_stm32l1xx_xl.o
 .debug_ranges  0x000000a0       0x30 G:\Documents and stuff\Project Avalanche\Workspace 4\nucleo-l152re_stdperiph_lib\Debug\libnucleo-l152re_stdperiph_lib.a(misc.o)
 .debug_ranges  0x000000d0      0x138 G:\Documents and stuff\Project Avalanche\Workspace 4\nucleo-l152re_stdperiph_lib\Debug\libnucleo-l152re_stdperiph_lib.a(stm32l1xx_adc.o)
 .debug_ranges  0x00000208       0x30 G:\Documents and stuff\Project Avalanche\Workspace 4\nucleo-l152re_stdperiph_lib\Debug\libnucleo-l152re_stdperiph_lib.a(stm32l1xx_dbgmcu.o)
 .debug_ranges  0x00000238       0x78 G:\Documents and stuff\Project Avalanche\Workspace 4\nucleo-l152re_stdperiph_lib\Debug\libnucleo-l152re_stdperiph_lib.a(stm32l1xx_gpio.o)
 .debug_ranges  0x000002b0      0x138 G:\Documents and stuff\Project Avalanche\Workspace 4\nucleo-l152re_stdperiph_lib\Debug\libnucleo-l152re_stdperiph_lib.a(stm32l1xx_rcc.o)
 .debug_ranges  0x000003e8       0xf0 G:\Documents and stuff\Project Avalanche\Workspace 4\nucleo-l152re_stdperiph_lib\Debug\libnucleo-l152re_stdperiph_lib.a(stm32l1xx_usart.o)

.debug_macro    0x00000000     0xe833
 .debug_macro   0x00000000      0x1ce src/main.o
 .debug_macro   0x000001ce      0x892 src/main.o
 .debug_macro   0x00000a60       0x70 src/main.o
 .debug_macro   0x00000ad0       0x3a src/main.o
 .debug_macro   0x00000b0a       0x22 src/main.o
 .debug_macro   0x00000b2c       0x87 src/main.o
 .debug_macro   0x00000bb3       0x44 src/main.o
 .debug_macro   0x00000bf7       0xfd src/main.o
 .debug_macro   0x00000cf4       0x5e src/main.o
 .debug_macro   0x00000d52      0x1df src/main.o
 .debug_macro   0x00000f31       0x2d src/main.o
 .debug_macro   0x00000f5e      0xbb1 src/main.o
 .debug_macro   0x00001b0f     0x72a4 src/main.o
 .debug_macro   0x00008db3      0x43e src/main.o
 .debug_macro   0x000091f1       0xb4 src/main.o
 .debug_macro   0x000092a5       0xa9 src/main.o
 .debug_macro   0x0000934e      0x17f src/main.o
 .debug_macro   0x000094cd       0x82 src/main.o
 .debug_macro   0x0000954f      0x3ae src/main.o
 .debug_macro   0x000098fd       0xb9 src/main.o
 .debug_macro   0x000099b6      0x422 src/main.o
 .debug_macro   0x00009dd8      0x17d src/main.o
 .debug_macro   0x00009f55      0x203 src/main.o
 .debug_macro   0x0000a158      0x2b2 src/main.o
 .debug_macro   0x0000a40a       0x64 src/main.o
 .debug_macro   0x0000a46e      0x325 src/main.o
 .debug_macro   0x0000a793       0xc8 src/main.o
 .debug_macro   0x0000a85b       0xe1 src/main.o
 .debug_macro   0x0000a93c      0x413 src/main.o
 .debug_macro   0x0000ad4f      0x5cf src/main.o
 .debug_macro   0x0000b31e      0x341 src/main.o
 .debug_macro   0x0000b65f      0x357 src/main.o
 .debug_macro   0x0000b9b6      0x421 src/main.o
 .debug_macro   0x0000bdd7      0x66f src/main.o
 .debug_macro   0x0000c446      0x220 src/main.o
 .debug_macro   0x0000c666       0x34 src/main.o
 .debug_macro   0x0000c69a       0x88 src/main.o
 .debug_macro   0x0000c722       0x35 src/main.o
 .debug_macro   0x0000c757      0x157 src/main.o
 .debug_macro   0x0000c8ae      0x1af src/system_stm32l1xx.o
 .debug_macro   0x0000ca5d      0x1b3 G:\Documents and stuff\Project Avalanche\Workspace 4\nucleo-l152re_stdperiph_lib\Debug\libnucleo-l152re_stdperiph_lib.a(misc.o)
 .debug_macro   0x0000cc10      0x88c G:\Documents and stuff\Project Avalanche\Workspace 4\nucleo-l152re_stdperiph_lib\Debug\libnucleo-l152re_stdperiph_lib.a(misc.o)
 .debug_macro   0x0000d49c       0x82 G:\Documents and stuff\Project Avalanche\Workspace 4\nucleo-l152re_stdperiph_lib\Debug\libnucleo-l152re_stdperiph_lib.a(misc.o)
 .debug_macro   0x0000d51e      0x247 G:\Documents and stuff\Project Avalanche\Workspace 4\nucleo-l152re_stdperiph_lib\Debug\libnucleo-l152re_stdperiph_lib.a(stm32l1xx_adc.o)
 .debug_macro   0x0000d765       0xae G:\Documents and stuff\Project Avalanche\Workspace 4\nucleo-l152re_stdperiph_lib\Debug\libnucleo-l152re_stdperiph_lib.a(stm32l1xx_adc.o)
 .debug_macro   0x0000d813      0x1b3 G:\Documents and stuff\Project Avalanche\Workspace 4\nucleo-l152re_stdperiph_lib\Debug\libnucleo-l152re_stdperiph_lib.a(stm32l1xx_dbgmcu.o)
 .debug_macro   0x0000d9c6       0x7c G:\Documents and stuff\Project Avalanche\Workspace 4\nucleo-l152re_stdperiph_lib\Debug\libnucleo-l152re_stdperiph_lib.a(stm32l1xx_dbgmcu.o)
 .debug_macro   0x0000da42      0x1b1 G:\Documents and stuff\Project Avalanche\Workspace 4\nucleo-l152re_stdperiph_lib\Debug\libnucleo-l152re_stdperiph_lib.a(stm32l1xx_gpio.o)
 .debug_macro   0x0000dbf3      0x1fd G:\Documents and stuff\Project Avalanche\Workspace 4\nucleo-l152re_stdperiph_lib\Debug\libnucleo-l152re_stdperiph_lib.a(stm32l1xx_gpio.o)
 .debug_macro   0x0000ddf0      0x253 G:\Documents and stuff\Project Avalanche\Workspace 4\nucleo-l152re_stdperiph_lib\Debug\libnucleo-l152re_stdperiph_lib.a(stm32l1xx_rcc.o)
 .debug_macro   0x0000e043      0x40d G:\Documents and stuff\Project Avalanche\Workspace 4\nucleo-l152re_stdperiph_lib\Debug\libnucleo-l152re_stdperiph_lib.a(stm32l1xx_rcc.o)
 .debug_macro   0x0000e450      0x1c9 G:\Documents and stuff\Project Avalanche\Workspace 4\nucleo-l152re_stdperiph_lib\Debug\libnucleo-l152re_stdperiph_lib.a(stm32l1xx_usart.o)
 .debug_macro   0x0000e619      0x21a G:\Documents and stuff\Project Avalanche\Workspace 4\nucleo-l152re_stdperiph_lib\Debug\libnucleo-l152re_stdperiph_lib.a(stm32l1xx_usart.o)

.debug_line     0x00000000     0x41d1
 .debug_line    0x00000000      0x7f6 src/main.o
 .debug_line    0x000007f6      0x6ef src/system_stm32l1xx.o
 .debug_line    0x00000ee5       0x7e startup/startup_stm32l1xx_xl.o
 .debug_line    0x00000f63      0x6d2 G:\Documents and stuff\Project Avalanche\Workspace 4\nucleo-l152re_stdperiph_lib\Debug\libnucleo-l152re_stdperiph_lib.a(misc.o)
 .debug_line    0x00001635      0xa19 G:\Documents and stuff\Project Avalanche\Workspace 4\nucleo-l152re_stdperiph_lib\Debug\libnucleo-l152re_stdperiph_lib.a(stm32l1xx_adc.o)
 .debug_line    0x0000204e      0x6cf G:\Documents and stuff\Project Avalanche\Workspace 4\nucleo-l152re_stdperiph_lib\Debug\libnucleo-l152re_stdperiph_lib.a(stm32l1xx_dbgmcu.o)
 .debug_line    0x0000271d      0x7eb G:\Documents and stuff\Project Avalanche\Workspace 4\nucleo-l152re_stdperiph_lib\Debug\libnucleo-l152re_stdperiph_lib.a(stm32l1xx_gpio.o)
 .debug_line    0x00002f08      0x9a8 G:\Documents and stuff\Project Avalanche\Workspace 4\nucleo-l152re_stdperiph_lib\Debug\libnucleo-l152re_stdperiph_lib.a(stm32l1xx_rcc.o)
 .debug_line    0x000038b0      0x921 G:\Documents and stuff\Project Avalanche\Workspace 4\nucleo-l152re_stdperiph_lib\Debug\libnucleo-l152re_stdperiph_lib.a(stm32l1xx_usart.o)

.debug_str      0x00000000    0x53e85
 .debug_str     0x00000000    0x52346 src/main.o
                              0x5250d (size before relaxing)
 .debug_str     0x00052346      0x177 src/system_stm32l1xx.o
                              0x51791 (size before relaxing)
 .debug_str     0x000524bd      0x175 G:\Documents and stuff\Project Avalanche\Workspace 4\nucleo-l152re_stdperiph_lib\Debug\libnucleo-l152re_stdperiph_lib.a(misc.o)
                              0x51804 (size before relaxing)
 .debug_str     0x00052632      0x848 G:\Documents and stuff\Project Avalanche\Workspace 4\nucleo-l152re_stdperiph_lib\Debug\libnucleo-l152re_stdperiph_lib.a(stm32l1xx_adc.o)
                              0x51f50 (size before relaxing)
 .debug_str     0x00052e7a       0xe4 G:\Documents and stuff\Project Avalanche\Workspace 4\nucleo-l152re_stdperiph_lib\Debug\libnucleo-l152re_stdperiph_lib.a(stm32l1xx_dbgmcu.o)
                              0x51675 (size before relaxing)
 .debug_str     0x00052f5e      0x182 G:\Documents and stuff\Project Avalanche\Workspace 4\nucleo-l152re_stdperiph_lib\Debug\libnucleo-l152re_stdperiph_lib.a(stm32l1xx_gpio.o)
                              0x518de (size before relaxing)
 .debug_str     0x000530e0      0x8f8 G:\Documents and stuff\Project Avalanche\Workspace 4\nucleo-l152re_stdperiph_lib\Debug\libnucleo-l152re_stdperiph_lib.a(stm32l1xx_rcc.o)
                              0x51fb4 (size before relaxing)
 .debug_str     0x000539d8      0x4ad G:\Documents and stuff\Project Avalanche\Workspace 4\nucleo-l152re_stdperiph_lib\Debug\libnucleo-l152re_stdperiph_lib.a(stm32l1xx_usart.o)
                              0x51bbf (size before relaxing)

.comment        0x00000000       0x6e
 .comment       0x00000000       0x6e src/main.o
                                 0x6f (size before relaxing)
 .comment       0x0000006e       0x6f src/system_stm32l1xx.o
 .comment       0x0000006e       0x6f G:\Documents and stuff\Project Avalanche\Workspace 4\nucleo-l152re_stdperiph_lib\Debug\libnucleo-l152re_stdperiph_lib.a(misc.o)
 .comment       0x0000006e       0x6f G:\Documents and stuff\Project Avalanche\Workspace 4\nucleo-l152re_stdperiph_lib\Debug\libnucleo-l152re_stdperiph_lib.a(stm32l1xx_adc.o)
 .comment       0x0000006e       0x6f G:\Documents and stuff\Project Avalanche\Workspace 4\nucleo-l152re_stdperiph_lib\Debug\libnucleo-l152re_stdperiph_lib.a(stm32l1xx_dbgmcu.o)
 .comment       0x0000006e       0x6f G:\Documents and stuff\Project Avalanche\Workspace 4\nucleo-l152re_stdperiph_lib\Debug\libnucleo-l152re_stdperiph_lib.a(stm32l1xx_gpio.o)
 .comment       0x0000006e       0x6f G:\Documents and stuff\Project Avalanche\Workspace 4\nucleo-l152re_stdperiph_lib\Debug\libnucleo-l152re_stdperiph_lib.a(stm32l1xx_rcc.o)
 .comment       0x0000006e       0x6f G:\Documents and stuff\Project Avalanche\Workspace 4\nucleo-l152re_stdperiph_lib\Debug\libnucleo-l152re_stdperiph_lib.a(stm32l1xx_usart.o)

.debug_frame    0x00000000     0x1738
 .debug_frame   0x00000000      0x16c src/main.o
 .debug_frame   0x0000016c       0x7c src/system_stm32l1xx.o
 .debug_frame   0x000001e8       0xd8 G:\Documents and stuff\Project Avalanche\Workspace 4\nucleo-l152re_stdperiph_lib\Debug\libnucleo-l152re_stdperiph_lib.a(misc.o)
 .debug_frame   0x000002c0      0x5fc G:\Documents and stuff\Project Avalanche\Workspace 4\nucleo-l152re_stdperiph_lib\Debug\libnucleo-l152re_stdperiph_lib.a(stm32l1xx_adc.o)
 .debug_frame   0x000008bc       0xc8 G:\Documents and stuff\Project Avalanche\Workspace 4\nucleo-l152re_stdperiph_lib\Debug\libnucleo-l152re_stdperiph_lib.a(stm32l1xx_dbgmcu.o)
 .debug_frame   0x00000984      0x23c G:\Documents and stuff\Project Avalanche\Workspace 4\nucleo-l152re_stdperiph_lib\Debug\libnucleo-l152re_stdperiph_lib.a(stm32l1xx_gpio.o)
 .debug_frame   0x00000bc0      0x5e4 G:\Documents and stuff\Project Avalanche\Workspace 4\nucleo-l152re_stdperiph_lib\Debug\libnucleo-l152re_stdperiph_lib.a(stm32l1xx_rcc.o)
 .debug_frame   0x000011a4      0x490 G:\Documents and stuff\Project Avalanche\Workspace 4\nucleo-l152re_stdperiph_lib\Debug\libnucleo-l152re_stdperiph_lib.a(stm32l1xx_usart.o)
 .debug_frame   0x00001634       0x2c g:/porgrams/stm32 system workbench/plugins/fr.ac6.mcu.externaltools.arm-none.win32_1.13.2.201705091103/tools/compiler/bin/../lib/gcc/arm-none-eabi/5.4.1/../../../../arm-none-eabi/lib/armv7-m\libc.a(lib_a-init.o)
 .debug_frame   0x00001660       0x50 g:/porgrams/stm32 system workbench/plugins/fr.ac6.mcu.externaltools.arm-none.win32_1.13.2.201705091103/tools/compiler/bin/../lib/gcc/arm-none-eabi/5.4.1/../../../../arm-none-eabi/lib/armv7-m\libc.a(lib_a-__call_atexit.o)
 .debug_frame   0x000016b0       0x20 g:/porgrams/stm32 system workbench/plugins/fr.ac6.mcu.externaltools.arm-none.win32_1.13.2.201705091103/tools/compiler/bin/../lib/gcc/arm-none-eabi/5.4.1/../../../../arm-none-eabi/lib/armv7-m\libc.a(lib_a-atexit.o)
 .debug_frame   0x000016d0       0x34 g:/porgrams/stm32 system workbench/plugins/fr.ac6.mcu.externaltools.arm-none.win32_1.13.2.201705091103/tools/compiler/bin/../lib/gcc/arm-none-eabi/5.4.1/../../../../arm-none-eabi/lib/armv7-m\libc.a(lib_a-fini.o)
 .debug_frame   0x00001704       0x34 g:/porgrams/stm32 system workbench/plugins/fr.ac6.mcu.externaltools.arm-none.win32_1.13.2.201705091103/tools/compiler/bin/../lib/gcc/arm-none-eabi/5.4.1/../../../../arm-none-eabi/lib/armv7-m\libc.a(lib_a-__atexit.o)
